PS C:\Users\rejas\eclipse-workspace\windows-os-git-demo> git status
On branch main

No commits yet

Untracked files:
  (use "git add <file>..." to include in what will be committed)
        tasks.txt

nothing added to commit but untracked files present (use "git add" to track)
PS C:\Users\rejas\eclipse-workspace\windows-os-git-demo> git add tasks.txt
PS C:\Users\rejas\eclipse-workspace\windows-os-git-demo> git status
On branch main

No commits yet

Changes to be committed:
  (use "git rm --cached <file>..." to unstage)
        new file:   tasks.txt

PS C:\Users\rejas\eclipse-workspace\windows-os-git-demo> git commit -m "commiting task file WIN-100"
Author identity unknown

*** Please tell me who you are.

Run

  git config --global user.email "you@example.com"
  git config --global user.name "Your Name"

to set your account's default identity.
Omit --global to set the identity only in this repository.

fatal: unable to auto-detect email address (got 'rejas@REJASH.(none)')
PS C:\Users\rejas\eclipse-workspace\windows-os-git-demo> git config --global user.email "geomukesh777@gmail.com"
PS C:\Users\rejas\eclipse-workspace\windows-os-git-demo> git config --global user.name "Mukesh"
PS C:\Users\rejas\eclipse-workspace\windows-os-git-demo> git commit -m "commiting task file WIN-100"
[main (root-commit) 5a3c129] commiting task file WIN-100
 1 file changed, 2 insertions(+)
 create mode 100644 tasks.txt
PS C:\Users\rejas\eclipse-workspace\windows-os-git-demo> git push
info: please complete authentication in your browser...
Enumerating objects: 3, done.
Counting objects: 100% (3/3), done.
Writing objects: 100% (3/3), 238 bytes | 238.00 KiB/s, done.
Total 3 (delta 0), reused 0 (delta 0), pack-reused 0
To https://github.com/GeoMukesh/windows-os-git-demo.git
 * [new branch]      main -> main
PS C:\Users\rejas\eclipse-workspace\windows-os-git-demo> git status
On branch main
Your branch is up to date with 'origin/main'.

nothing to commit, working tree clean
PS C:\Users\rejas\eclipse-workspace\windows-os-git-demo> git pull
remote: Enumerating objects: 5, done.
remote: Counting objects: 100% (5/5), done.
remote: Total 3 (delta 0), reused 0 (delta 0), pack-reused 0
Unpacking objects: 100% (3/3), 651 bytes | 46.00 KiB/s, done.
From https://github.com/GeoMukesh/windows-os-git-demo
   5a3c129..5a0e1bc  main       -> origin/main
Updating 5a3c129..5a0e1bc
Fast-forward
 tasks.txt | 3 ++-
 1 file changed, 2 insertions(+), 1 deletion(-)
PS C:\Users\rejas\eclipse-workspace\windows-os-git-demo>
PS C:\Users\rejas\eclipse-workspace\windows-os-git-demo>
PS C:\Users\rejas\eclipse-workspace\windows-os-git-demo> git status
On branch main
Your branch is up to date with 'origin/main'.

nothing to commit, working tree clean
PS C:\Users\rejas\eclipse-workspace\windows-os-git-demo> git pull
remote: Enumerating objects: 4, done.
remote: Counting objects: 100% (4/4), done.
remote: Compressing objects: 100% (2/2), done.
remote: Total 3 (delta 0), reused 0 (delta 0), pack-reused 0
Unpacking objects: 100% (3/3), 677 bytes | 52.00 KiB/s, done.
From https://github.com/GeoMukesh/windows-os-git-demo
 * [new branch]      test       -> origin/test
Already up to date.
PS C:\Users\rejas\eclipse-workspace\windows-os-git-demo> git branch
* main
PS C:\Users\rejas\eclipse-workspace\windows-os-git-demo> git branch -a
* main
  remotes/origin/main
  remotes/origin/test
PS C:\Users\rejas\eclipse-workspace\windows-os-git-demo> git checkout -b test origin/test
Switched to a new branch 'test'
branch 'test' set up to track 'origin/test'.
PS C:\Users\rejas\eclipse-workspace\windows-os-git-demo> git branch
  main
* test
PS C:\Users\rejas\eclipse-workspace\windows-os-git-demo> git checkout main
Switched to branch 'main'
Your branch is up to date with 'origin/main'.
PS C:\Users\rejas\eclipse-workspace\windows-os-git-demo> git branch
* main
  test
PS C:\Users\rejas\eclipse-workspace\windows-os-git-demo> git checkout test
Switched to branch 'test'
Your branch is up to date with 'origin/test'.
PS C:\Users\rejas\eclipse-workspace\windows-os-git-demo> git branch
  main
* test
PS C:\Users\rejas\eclipse-workspace\windows-os-git-demo>


